Archive member included to satisfy reference by file (symbol)

c:/st/stm32cubeide_1.7.0/stm32cubeide/plugins/com.st.stm32cube.ide.mcu.externaltools.gnu-tools-for-stm32.9-2020-q2-update.win32_2.0.0.202105311346/tools/bin/../lib/gcc/arm-none-eabi/9.3.1/../../../../arm-none-eabi/lib/thumb/v7-m/nofp\libc_nano.a(lib_a-errno.o)
                              ./Src/syscalls.o (__errno)
c:/st/stm32cubeide_1.7.0/stm32cubeide/plugins/com.st.stm32cube.ide.mcu.externaltools.gnu-tools-for-stm32.9-2020-q2-update.win32_2.0.0.202105311346/tools/bin/../lib/gcc/arm-none-eabi/9.3.1/../../../../arm-none-eabi/lib/thumb/v7-m/nofp\libc_nano.a(lib_a-exit.o)
                              c:/st/stm32cubeide_1.7.0/stm32cubeide/plugins/com.st.stm32cube.ide.mcu.externaltools.gnu-tools-for-stm32.9-2020-q2-update.win32_2.0.0.202105311346/tools/bin/../lib/gcc/arm-none-eabi/9.3.1/../../../../arm-none-eabi/lib/thumb/v7-m/nofp/crt0.o (exit)
c:/st/stm32cubeide_1.7.0/stm32cubeide/plugins/com.st.stm32cube.ide.mcu.externaltools.gnu-tools-for-stm32.9-2020-q2-update.win32_2.0.0.202105311346/tools/bin/../lib/gcc/arm-none-eabi/9.3.1/../../../../arm-none-eabi/lib/thumb/v7-m/nofp\libc_nano.a(lib_a-impure.o)
                              c:/st/stm32cubeide_1.7.0/stm32cubeide/plugins/com.st.stm32cube.ide.mcu.externaltools.gnu-tools-for-stm32.9-2020-q2-update.win32_2.0.0.202105311346/tools/bin/../lib/gcc/arm-none-eabi/9.3.1/../../../../arm-none-eabi/lib/thumb/v7-m/nofp\libc_nano.a(lib_a-exit.o) (_global_impure_ptr)
c:/st/stm32cubeide_1.7.0/stm32cubeide/plugins/com.st.stm32cube.ide.mcu.externaltools.gnu-tools-for-stm32.9-2020-q2-update.win32_2.0.0.202105311346/tools/bin/../lib/gcc/arm-none-eabi/9.3.1/../../../../arm-none-eabi/lib/thumb/v7-m/nofp\libc_nano.a(lib_a-init.o)
                              c:/st/stm32cubeide_1.7.0/stm32cubeide/plugins/com.st.stm32cube.ide.mcu.externaltools.gnu-tools-for-stm32.9-2020-q2-update.win32_2.0.0.202105311346/tools/bin/../lib/gcc/arm-none-eabi/9.3.1/../../../../arm-none-eabi/lib/thumb/v7-m/nofp/crt0.o (__libc_init_array)
c:/st/stm32cubeide_1.7.0/stm32cubeide/plugins/com.st.stm32cube.ide.mcu.externaltools.gnu-tools-for-stm32.9-2020-q2-update.win32_2.0.0.202105311346/tools/bin/../lib/gcc/arm-none-eabi/9.3.1/../../../../arm-none-eabi/lib/thumb/v7-m/nofp\libc_nano.a(lib_a-memset.o)
                              c:/st/stm32cubeide_1.7.0/stm32cubeide/plugins/com.st.stm32cube.ide.mcu.externaltools.gnu-tools-for-stm32.9-2020-q2-update.win32_2.0.0.202105311346/tools/bin/../lib/gcc/arm-none-eabi/9.3.1/../../../../arm-none-eabi/lib/thumb/v7-m/nofp/crt0.o (memset)
c:/st/stm32cubeide_1.7.0/stm32cubeide/plugins/com.st.stm32cube.ide.mcu.externaltools.gnu-tools-for-stm32.9-2020-q2-update.win32_2.0.0.202105311346/tools/bin/../lib/gcc/arm-none-eabi/9.3.1/../../../../arm-none-eabi/lib/thumb/v7-m/nofp\libc_nano.a(lib_a-strlen.o)
                              ./Src/test_uart.o (strlen)
c:/st/stm32cubeide_1.7.0/stm32cubeide/plugins/com.st.stm32cube.ide.mcu.externaltools.gnu-tools-for-stm32.9-2020-q2-update.win32_2.0.0.202105311346/tools/bin/../lib/gcc/arm-none-eabi/9.3.1/thumb/v7-m/nofp\libgcc.a(_arm_addsubsf3.o)
                              ./myDrivers/Src/my_uart_stm32f103.o (__aeabi_fsub)
c:/st/stm32cubeide_1.7.0/stm32cubeide/plugins/com.st.stm32cube.ide.mcu.externaltools.gnu-tools-for-stm32.9-2020-q2-update.win32_2.0.0.202105311346/tools/bin/../lib/gcc/arm-none-eabi/9.3.1/thumb/v7-m/nofp\libgcc.a(_arm_fixunssfsi.o)
                              ./myDrivers/Src/my_uart_stm32f103.o (__aeabi_f2uiz)

Allocating common symbols
Common symbol       size              file

usart1_handle       0x24              ./Src/test_uart.o

Discarded input sections

 .text          0x0000000000000000        0x0 c:/st/stm32cubeide_1.7.0/stm32cubeide/plugins/com.st.stm32cube.ide.mcu.externaltools.gnu-tools-for-stm32.9-2020-q2-update.win32_2.0.0.202105311346/tools/bin/../lib/gcc/arm-none-eabi/9.3.1/thumb/v7-m/nofp/crti.o
 .data          0x0000000000000000        0x0 c:/st/stm32cubeide_1.7.0/stm32cubeide/plugins/com.st.stm32cube.ide.mcu.externaltools.gnu-tools-for-stm32.9-2020-q2-update.win32_2.0.0.202105311346/tools/bin/../lib/gcc/arm-none-eabi/9.3.1/thumb/v7-m/nofp/crti.o
 .bss           0x0000000000000000        0x0 c:/st/stm32cubeide_1.7.0/stm32cubeide/plugins/com.st.stm32cube.ide.mcu.externaltools.gnu-tools-for-stm32.9-2020-q2-update.win32_2.0.0.202105311346/tools/bin/../lib/gcc/arm-none-eabi/9.3.1/thumb/v7-m/nofp/crti.o
 .data          0x0000000000000000        0x4 c:/st/stm32cubeide_1.7.0/stm32cubeide/plugins/com.st.stm32cube.ide.mcu.externaltools.gnu-tools-for-stm32.9-2020-q2-update.win32_2.0.0.202105311346/tools/bin/../lib/gcc/arm-none-eabi/9.3.1/thumb/v7-m/nofp/crtbegin.o
 .text          0x0000000000000000       0x7c c:/st/stm32cubeide_1.7.0/stm32cubeide/plugins/com.st.stm32cube.ide.mcu.externaltools.gnu-tools-for-stm32.9-2020-q2-update.win32_2.0.0.202105311346/tools/bin/../lib/gcc/arm-none-eabi/9.3.1/../../../../arm-none-eabi/lib/thumb/v7-m/nofp/crt0.o
 .data          0x0000000000000000        0x0 c:/st/stm32cubeide_1.7.0/stm32cubeide/plugins/com.st.stm32cube.ide.mcu.externaltools.gnu-tools-for-stm32.9-2020-q2-update.win32_2.0.0.202105311346/tools/bin/../lib/gcc/arm-none-eabi/9.3.1/../../../../arm-none-eabi/lib/thumb/v7-m/nofp/crt0.o
 .bss           0x0000000000000000        0x0 c:/st/stm32cubeide_1.7.0/stm32cubeide/plugins/com.st.stm32cube.ide.mcu.externaltools.gnu-tools-for-stm32.9-2020-q2-update.win32_2.0.0.202105311346/tools/bin/../lib/gcc/arm-none-eabi/9.3.1/../../../../arm-none-eabi/lib/thumb/v7-m/nofp/crt0.o
 .ARM.extab     0x0000000000000000        0x0 c:/st/stm32cubeide_1.7.0/stm32cubeide/plugins/com.st.stm32cube.ide.mcu.externaltools.gnu-tools-for-stm32.9-2020-q2-update.win32_2.0.0.202105311346/tools/bin/../lib/gcc/arm-none-eabi/9.3.1/../../../../arm-none-eabi/lib/thumb/v7-m/nofp/crt0.o
 .ARM.exidx     0x0000000000000000       0x10 c:/st/stm32cubeide_1.7.0/stm32cubeide/plugins/com.st.stm32cube.ide.mcu.externaltools.gnu-tools-for-stm32.9-2020-q2-update.win32_2.0.0.202105311346/tools/bin/../lib/gcc/arm-none-eabi/9.3.1/../../../../arm-none-eabi/lib/thumb/v7-m/nofp/crt0.o
 .ARM.attributes
                0x0000000000000000       0x1b c:/st/stm32cubeide_1.7.0/stm32cubeide/plugins/com.st.stm32cube.ide.mcu.externaltools.gnu-tools-for-stm32.9-2020-q2-update.win32_2.0.0.202105311346/tools/bin/../lib/gcc/arm-none-eabi/9.3.1/../../../../arm-none-eabi/lib/thumb/v7-m/nofp/crt0.o
 .group         0x0000000000000000        0xc ./Src/syscalls.o
 .group         0x0000000000000000        0xc ./Src/syscalls.o
 .group         0x0000000000000000        0xc ./Src/syscalls.o
 .group         0x0000000000000000        0xc ./Src/syscalls.o
 .group         0x0000000000000000        0xc ./Src/syscalls.o
 .group         0x0000000000000000        0xc ./Src/syscalls.o
 .group         0x0000000000000000        0xc ./Src/syscalls.o
 .group         0x0000000000000000        0xc ./Src/syscalls.o
 .group         0x0000000000000000        0xc ./Src/syscalls.o
 .group         0x0000000000000000        0xc ./Src/syscalls.o
 .group         0x0000000000000000        0xc ./Src/syscalls.o
 .group         0x0000000000000000        0xc ./Src/syscalls.o
 .group         0x0000000000000000        0xc ./Src/syscalls.o
 .group         0x0000000000000000        0xc ./Src/syscalls.o
 .group         0x0000000000000000        0xc ./Src/syscalls.o
 .group         0x0000000000000000        0xc ./Src/syscalls.o
 .group         0x0000000000000000        0xc ./Src/syscalls.o
 .group         0x0000000000000000        0xc ./Src/syscalls.o
 .group         0x0000000000000000        0xc ./Src/syscalls.o
 .group         0x0000000000000000        0xc ./Src/syscalls.o
 .group         0x0000000000000000        0xc ./Src/syscalls.o
 .group         0x0000000000000000        0xc ./Src/syscalls.o
 .group         0x0000000000000000        0xc ./Src/syscalls.o
 .group         0x0000000000000000        0xc ./Src/syscalls.o
 .group         0x0000000000000000        0xc ./Src/syscalls.o
 .group         0x0000000000000000        0xc ./Src/syscalls.o
 .group         0x0000000000000000        0xc ./Src/syscalls.o
 .group         0x0000000000000000        0xc ./Src/syscalls.o
 .group         0x0000000000000000        0xc ./Src/syscalls.o
 .group         0x0000000000000000        0xc ./Src/syscalls.o
 .group         0x0000000000000000        0xc ./Src/syscalls.o
 .group         0x0000000000000000        0xc ./Src/syscalls.o
 .group         0x0000000000000000        0xc ./Src/syscalls.o
 .group         0x0000000000000000        0xc ./Src/syscalls.o
 .group         0x0000000000000000        0xc ./Src/syscalls.o
 .group         0x0000000000000000        0xc ./Src/syscalls.o
 .group         0x0000000000000000        0xc ./Src/syscalls.o
 .group         0x0000000000000000        0xc ./Src/syscalls.o
 .group         0x0000000000000000        0xc ./Src/syscalls.o
 .group         0x0000000000000000        0xc ./Src/syscalls.o
 .group         0x0000000000000000        0xc ./Src/syscalls.o
 .group         0x0000000000000000        0xc ./Src/syscalls.o
 .group         0x0000000000000000        0xc ./Src/syscalls.o
 .group         0x0000000000000000        0xc ./Src/syscalls.o
 .group         0x0000000000000000        0xc ./Src/syscalls.o
 .group         0x0000000000000000        0xc ./Src/syscalls.o
 .group         0x0000000000000000        0xc ./Src/syscalls.o
 .text          0x0000000000000000        0x0 ./Src/syscalls.o
 .data          0x0000000000000000        0x0 ./Src/syscalls.o
 .bss           0x0000000000000000        0x0 ./Src/syscalls.o
 .bss.__env     0x0000000000000000        0x4 ./Src/syscalls.o
 .data.environ  0x0000000000000000        0x4 ./Src/syscalls.o
 .text.initialise_monitor_handles
                0x0000000000000000        0xc ./Src/syscalls.o
 .text._getpid  0x0000000000000000        0xe ./Src/syscalls.o
 .text._kill    0x0000000000000000       0x20 ./Src/syscalls.o
 .text._exit    0x0000000000000000       0x14 ./Src/syscalls.o
 .text._read    0x0000000000000000       0x3a ./Src/syscalls.o
 .text._write   0x0000000000000000       0x38 ./Src/syscalls.o
 .text._close   0x0000000000000000       0x16 ./Src/syscalls.o
 .text._fstat   0x0000000000000000       0x1e ./Src/syscalls.o
 .text._isatty  0x0000000000000000       0x14 ./Src/syscalls.o
 .text._lseek   0x0000000000000000       0x18 ./Src/syscalls.o
 .text._open    0x0000000000000000       0x1a ./Src/syscalls.o
 .text._wait    0x0000000000000000       0x1e ./Src/syscalls.o
 .text._unlink  0x0000000000000000       0x1e ./Src/syscalls.o
 .text._times   0x0000000000000000       0x16 ./Src/syscalls.o
 .text._stat    0x0000000000000000       0x1e ./Src/syscalls.o
 .text._link    0x0000000000000000       0x20 ./Src/syscalls.o
 .text._fork    0x0000000000000000       0x16 ./Src/syscalls.o
 .text._execve  0x0000000000000000       0x22 ./Src/syscalls.o
 .debug_info    0x0000000000000000      0xfa8 ./Src/syscalls.o
 .debug_abbrev  0x0000000000000000      0x286 ./Src/syscalls.o
 .debug_aranges
                0x0000000000000000       0xa8 ./Src/syscalls.o
 .debug_ranges  0x0000000000000000       0x98 ./Src/syscalls.o
 .debug_macro   0x0000000000000000      0x24c ./Src/syscalls.o
 .debug_macro   0x0000000000000000      0xaa2 ./Src/syscalls.o
 .debug_macro   0x0000000000000000       0x22 ./Src/syscalls.o
 .debug_macro   0x0000000000000000       0x4c ./Src/syscalls.o
 .debug_macro   0x0000000000000000       0x18 ./Src/syscalls.o
 .debug_macro   0x0000000000000000       0x94 ./Src/syscalls.o
 .debug_macro   0x0000000000000000       0x3c ./Src/syscalls.o
 .debug_macro   0x0000000000000000       0x34 ./Src/syscalls.o
 .debug_macro   0x0000000000000000       0x57 ./Src/syscalls.o
 .debug_macro   0x0000000000000000      0x174 ./Src/syscalls.o
 .debug_macro   0x0000000000000000      0x339 ./Src/syscalls.o
 .debug_macro   0x0000000000000000       0x16 ./Src/syscalls.o
 .debug_macro   0x0000000000000000       0x43 ./Src/syscalls.o
 .debug_macro   0x0000000000000000       0x34 ./Src/syscalls.o
 .debug_macro   0x0000000000000000       0x10 ./Src/syscalls.o
 .debug_macro   0x0000000000000000       0x58 ./Src/syscalls.o
 .debug_macro   0x0000000000000000       0x71 ./Src/syscalls.o
 .debug_macro   0x0000000000000000       0x1c ./Src/syscalls.o
 .debug_macro   0x0000000000000000      0x12a ./Src/syscalls.o
 .debug_macro   0x0000000000000000       0x10 ./Src/syscalls.o
 .debug_macro   0x0000000000000000       0x35 ./Src/syscalls.o
 .debug_macro   0x0000000000000000       0x10 ./Src/syscalls.o
 .debug_macro   0x0000000000000000       0x10 ./Src/syscalls.o
 .debug_macro   0x0000000000000000       0x10 ./Src/syscalls.o
 .debug_macro   0x0000000000000000       0x6a ./Src/syscalls.o
 .debug_macro   0x0000000000000000       0x1c ./Src/syscalls.o
 .debug_macro   0x0000000000000000       0x52 ./Src/syscalls.o
 .debug_macro   0x0000000000000000       0x22 ./Src/syscalls.o
 .debug_macro   0x0000000000000000       0x10 ./Src/syscalls.o
 .debug_macro   0x0000000000000000       0x40 ./Src/syscalls.o
 .debug_macro   0x0000000000000000       0xd5 ./Src/syscalls.o
 .debug_macro   0x0000000000000000       0x1c ./Src/syscalls.o
 .debug_macro   0x0000000000000000       0x3d ./Src/syscalls.o
 .debug_macro   0x0000000000000000       0x35 ./Src/syscalls.o
 .debug_macro   0x0000000000000000      0x12c ./Src/syscalls.o
 .debug_macro   0x0000000000000000       0x16 ./Src/syscalls.o
 .debug_macro   0x0000000000000000       0x16 ./Src/syscalls.o
 .debug_macro   0x0000000000000000       0x29 ./Src/syscalls.o
 .debug_macro   0x0000000000000000       0x10 ./Src/syscalls.o
 .debug_macro   0x0000000000000000      0x241 ./Src/syscalls.o
 .debug_macro   0x0000000000000000       0x1c ./Src/syscalls.o
 .debug_macro   0x0000000000000000       0x10 ./Src/syscalls.o
 .debug_macro   0x0000000000000000       0x10 ./Src/syscalls.o
 .debug_macro   0x0000000000000000       0x16 ./Src/syscalls.o
 .debug_macro   0x0000000000000000      0x145 ./Src/syscalls.o
 .debug_macro   0x0000000000000000      0x189 ./Src/syscalls.o
 .debug_macro   0x0000000000000000       0x16 ./Src/syscalls.o
 .debug_macro   0x0000000000000000       0xce ./Src/syscalls.o
 .debug_line    0x0000000000000000      0x7fd ./Src/syscalls.o
 .debug_str     0x0000000000000000     0x8e7d ./Src/syscalls.o
 .comment       0x0000000000000000       0x54 ./Src/syscalls.o
 .debug_frame   0x0000000000000000      0x2ac ./Src/syscalls.o
 .ARM.attributes
                0x0000000000000000       0x2d ./Src/syscalls.o
 .group         0x0000000000000000        0xc ./Src/sysmem.o
 .group         0x0000000000000000        0xc ./Src/sysmem.o
 .group         0x0000000000000000        0xc ./Src/sysmem.o
 .group         0x0000000000000000        0xc ./Src/sysmem.o
 .group         0x0000000000000000        0xc ./Src/sysmem.o
 .group         0x0000000000000000        0xc ./Src/sysmem.o
 .group         0x0000000000000000        0xc ./Src/sysmem.o
 .group         0x0000000000000000        0xc ./Src/sysmem.o
 .group         0x0000000000000000        0xc ./Src/sysmem.o
 .group         0x0000000000000000        0xc ./Src/sysmem.o
 .group         0x0000000000000000        0xc ./Src/sysmem.o
 .group         0x0000000000000000        0xc ./Src/sysmem.o
 .group         0x0000000000000000        0xc ./Src/sysmem.o
 .group         0x0000000000000000        0xc ./Src/sysmem.o
 .group         0x0000000000000000        0xc ./Src/sysmem.o
 .group         0x0000000000000000        0xc ./Src/sysmem.o
 .group         0x0000000000000000        0xc ./Src/sysmem.o
 .group         0x0000000000000000        0xc ./Src/sysmem.o
 .group         0x0000000000000000        0xc ./Src/sysmem.o
 .group         0x0000000000000000        0xc ./Src/sysmem.o
 .group         0x0000000000000000        0xc ./Src/sysmem.o
 .group         0x0000000000000000        0xc ./Src/sysmem.o
 .text          0x0000000000000000        0x0 ./Src/sysmem.o
 .data          0x0000000000000000        0x0 ./Src/sysmem.o
 .bss           0x0000000000000000        0x0 ./Src/sysmem.o
 .bss.__sbrk_heap_end
                0x0000000000000000        0x4 ./Src/sysmem.o
 .text._sbrk    0x0000000000000000       0x6c ./Src/sysmem.o
 .debug_info    0x0000000000000000      0xa25 ./Src/sysmem.o
 .debug_abbrev  0x0000000000000000      0x1bf ./Src/sysmem.o
 .debug_aranges
                0x0000000000000000       0x20 ./Src/sysmem.o
 .debug_ranges  0x0000000000000000       0x10 ./Src/sysmem.o
 .debug_macro   0x0000000000000000       0xff ./Src/sysmem.o
 .debug_macro   0x0000000000000000      0xaa2 ./Src/sysmem.o
 .debug_macro   0x0000000000000000       0x10 ./Src/sysmem.o
 .debug_macro   0x0000000000000000       0x22 ./Src/sysmem.o
 .debug_macro   0x0000000000000000       0x4c ./Src/sysmem.o
 .debug_macro   0x0000000000000000       0x18 ./Src/sysmem.o
 .debug_macro   0x0000000000000000       0x94 ./Src/sysmem.o
 .debug_macro   0x0000000000000000       0x3c ./Src/sysmem.o
 .debug_macro   0x0000000000000000       0x34 ./Src/sysmem.o
 .debug_macro   0x0000000000000000      0x174 ./Src/sysmem.o
 .debug_macro   0x0000000000000000       0x16 ./Src/sysmem.o
 .debug_macro   0x0000000000000000       0x43 ./Src/sysmem.o
 .debug_macro   0x0000000000000000       0x57 ./Src/sysmem.o
 .debug_macro   0x0000000000000000       0x34 ./Src/sysmem.o
 .debug_macro   0x0000000000000000       0x10 ./Src/sysmem.o
 .debug_macro   0x0000000000000000       0x58 ./Src/sysmem.o
 .debug_macro   0x0000000000000000       0x71 ./Src/sysmem.o
 .debug_macro   0x0000000000000000       0x1c ./Src/sysmem.o
 .debug_macro   0x0000000000000000      0x12a ./Src/sysmem.o
 .debug_macro   0x0000000000000000      0x23b ./Src/sysmem.o
 .debug_macro   0x0000000000000000      0x103 ./Src/sysmem.o
 .debug_macro   0x0000000000000000       0x6a ./Src/sysmem.o
 .debug_macro   0x0000000000000000      0x1df ./Src/sysmem.o
 .debug_line    0x0000000000000000      0x4f3 ./Src/sysmem.o
 .debug_str     0x0000000000000000     0x6250 ./Src/sysmem.o
 .comment       0x0000000000000000       0x54 ./Src/sysmem.o
 .debug_frame   0x0000000000000000       0x34 ./Src/sysmem.o
 .ARM.attributes
                0x0000000000000000       0x2d ./Src/sysmem.o
 .group         0x0000000000000000        0xc ./Src/test_uart.o
 .group         0x0000000000000000        0xc ./Src/test_uart.o
 .group         0x0000000000000000        0xc ./Src/test_uart.o
 .group         0x0000000000000000        0xc ./Src/test_uart.o
 .group         0x0000000000000000        0xc ./Src/test_uart.o
 .group         0x0000000000000000        0xc ./Src/test_uart.o
 .group         0x0000000000000000        0xc ./Src/test_uart.o
 .group         0x0000000000000000        0xc ./Src/test_uart.o
 .group         0x0000000000000000        0xc ./Src/test_uart.o
 .group         0x0000000000000000        0xc ./Src/test_uart.o
 .group         0x0000000000000000        0xc ./Src/test_uart.o
 .group         0x0000000000000000        0xc ./Src/test_uart.o
 .group         0x0000000000000000        0xc ./Src/test_uart.o
 .group         0x0000000000000000        0xc ./Src/test_uart.o
 .group         0x0000000000000000        0xc ./Src/test_uart.o
 .group         0x0000000000000000        0xc ./Src/test_uart.o
 .group         0x0000000000000000        0xc ./Src/test_uart.o
 .group         0x0000000000000000        0xc ./Src/test_uart.o
 .group         0x0000000000000000        0xc ./Src/test_uart.o
 .group         0x0000000000000000        0xc ./Src/test_uart.o
 .group         0x0000000000000000        0xc ./Src/test_uart.o
 .group         0x0000000000000000        0xc ./Src/test_uart.o
 .group         0x0000000000000000        0xc ./Src/test_uart.o
 .group         0x0000000000000000        0xc ./Src/test_uart.o
 .group         0x0000000000000000        0xc ./Src/test_uart.o
 .group         0x0000000000000000        0xc ./Src/test_uart.o
 .group         0x0000000000000000        0xc ./Src/test_uart.o
 .text          0x0000000000000000        0x0 ./Src/test_uart.o
 .data          0x0000000000000000        0x0 ./Src/test_uart.o
 .bss           0x0000000000000000        0x0 ./Src/test_uart.o
 .debug_macro   0x0000000000000000      0xaa2 ./Src/test_uart.o
 .debug_macro   0x0000000000000000       0x22 ./Src/test_uart.o
 .debug_macro   0x0000000000000000      0x103 ./Src/test_uart.o
 .debug_macro   0x0000000000000000       0x6a ./Src/test_uart.o
 .debug_macro   0x0000000000000000      0x1df ./Src/test_uart.o
 .debug_macro   0x0000000000000000      0x174 ./Src/test_uart.o
 .debug_macro   0x0000000000000000       0x18 ./Src/test_uart.o
 .debug_macro   0x0000000000000000       0x3c ./Src/test_uart.o
 .debug_macro   0x0000000000000000       0x34 ./Src/test_uart.o
 .debug_macro   0x0000000000000000       0x16 ./Src/test_uart.o
 .debug_macro   0x0000000000000000       0x43 ./Src/test_uart.o
 .debug_macro   0x0000000000000000       0x34 ./Src/test_uart.o
 .debug_macro   0x0000000000000000       0x10 ./Src/test_uart.o
 .debug_macro   0x0000000000000000       0x58 ./Src/test_uart.o
 .debug_macro   0x0000000000000000       0x71 ./Src/test_uart.o
 .debug_macro   0x0000000000000000       0x1c ./Src/test_uart.o
 .debug_macro   0x0000000000000000      0x12a ./Src/test_uart.o
 .debug_macro   0x0000000000000000      0x339 ./Src/test_uart.o
 .debug_macro   0x0000000000000000       0x35 ./Src/test_uart.o
 .text          0x0000000000000000       0x14 ./Startup/startup_stm32f103c8tx.o
 .data          0x0000000000000000        0x0 ./Startup/startup_stm32f103c8tx.o
 .bss           0x0000000000000000        0x0 ./Startup/startup_stm32f103c8tx.o
 .group         0x0000000000000000        0xc ./myDrivers/Src/my_gpio_stm32f103.o
 .group         0x0000000000000000        0xc ./myDrivers/Src/my_gpio_stm32f103.o
 .group         0x0000000000000000        0xc ./myDrivers/Src/my_gpio_stm32f103.o
 .group         0x0000000000000000        0xc ./myDrivers/Src/my_gpio_stm32f103.o
 .group         0x0000000000000000        0xc ./myDrivers/Src/my_gpio_stm32f103.o
 .group         0x0000000000000000        0xc ./myDrivers/Src/my_gpio_stm32f103.o
 .group         0x0000000000000000        0xc ./myDrivers/Src/my_gpio_stm32f103.o
 .group         0x0000000000000000        0xc ./myDrivers/Src/my_gpio_stm32f103.o
 .group         0x0000000000000000        0xc ./myDrivers/Src/my_gpio_stm32f103.o
 .text          0x0000000000000000        0x0 ./myDrivers/Src/my_gpio_stm32f103.o
 .data          0x0000000000000000        0x0 ./myDrivers/Src/my_gpio_stm32f103.o
 .bss           0x0000000000000000        0x0 ./myDrivers/Src/my_gpio_stm32f103.o
 .text.GPIO_ToggleOutputPin
                0x0000000000000000       0x28 ./myDrivers/Src/my_gpio_stm32f103.o
 .text.GPIO_IRQInterruptConfig
                0x0000000000000000      0x108 ./myDrivers/Src/my_gpio_stm32f103.o
 .text.GPIO_IRQPriorityConfig
                0x0000000000000000       0x54 ./myDrivers/Src/my_gpio_stm32f103.o
 .text.GPIO_IRQHandling
                0x0000000000000000       0x40 ./myDrivers/Src/my_gpio_stm32f103.o
 .debug_macro   0x0000000000000000      0xaa2 ./myDrivers/Src/my_gpio_stm32f103.o
 .debug_macro   0x0000000000000000       0x22 ./myDrivers/Src/my_gpio_stm32f103.o
 .debug_macro   0x0000000000000000       0x8e ./myDrivers/Src/my_gpio_stm32f103.o
 .debug_macro   0x0000000000000000       0x51 ./myDrivers/Src/my_gpio_stm32f103.o
 .debug_macro   0x0000000000000000      0x103 ./myDrivers/Src/my_gpio_stm32f103.o
 .debug_macro   0x0000000000000000       0x6a ./myDrivers/Src/my_gpio_stm32f103.o
 .debug_macro   0x0000000000000000      0x1df ./myDrivers/Src/my_gpio_stm32f103.o
 .debug_macro   0x0000000000000000      0x61c ./myDrivers/Src/my_gpio_stm32f103.o
 .debug_macro   0x0000000000000000       0xca ./myDrivers/Src/my_gpio_stm32f103.o
 .group         0x0000000000000000        0xc ./myDrivers/Src/my_rcc_stm32f103.o
 .group         0x0000000000000000        0xc ./myDrivers/Src/my_rcc_stm32f103.o
 .group         0x0000000000000000        0xc ./myDrivers/Src/my_rcc_stm32f103.o
 .group         0x0000000000000000        0xc ./myDrivers/Src/my_rcc_stm32f103.o
 .group         0x0000000000000000        0xc ./myDrivers/Src/my_rcc_stm32f103.o
 .group         0x0000000000000000        0xc ./myDrivers/Src/my_rcc_stm32f103.o
 .group         0x0000000000000000        0xc ./myDrivers/Src/my_rcc_stm32f103.o
 .group         0x0000000000000000        0xc ./myDrivers/Src/my_rcc_stm32f103.o
 .text          0x0000000000000000        0x0 ./myDrivers/Src/my_rcc_stm32f103.o
 .data          0x0000000000000000        0x0 ./myDrivers/Src/my_rcc_stm32f103.o
 .bss           0x0000000000000000        0x0 ./myDrivers/Src/my_rcc_stm32f103.o
 .debug_macro   0x0000000000000000      0xaa2 ./myDrivers/Src/my_rcc_stm32f103.o
 .debug_macro   0x0000000000000000       0x22 ./myDrivers/Src/my_rcc_stm32f103.o
 .debug_macro   0x0000000000000000       0x8e ./myDrivers/Src/my_rcc_stm32f103.o
 .debug_macro   0x0000000000000000       0x51 ./myDrivers/Src/my_rcc_stm32f103.o
 .debug_macro   0x0000000000000000      0x103 ./myDrivers/Src/my_rcc_stm32f103.o
 .debug_macro   0x0000000000000000       0x6a ./myDrivers/Src/my_rcc_stm32f103.o
 .debug_macro   0x0000000000000000      0x1df ./myDrivers/Src/my_rcc_stm32f103.o
 .debug_macro   0x0000000000000000      0x61c ./myDrivers/Src/my_rcc_stm32f103.o
 .group         0x0000000000000000        0xc ./myDrivers/Src/my_spi_stm32f103.o
 .group         0x0000000000000000        0xc ./myDrivers/Src/my_spi_stm32f103.o
 .group         0x0000000000000000        0xc ./myDrivers/Src/my_spi_stm32f103.o
 .group         0x0000000000000000        0xc ./myDrivers/Src/my_spi_stm32f103.o
 .group         0x0000000000000000        0xc ./myDrivers/Src/my_spi_stm32f103.o
 .group         0x0000000000000000        0xc ./myDrivers/Src/my_spi_stm32f103.o
 .group         0x0000000000000000        0xc ./myDrivers/Src/my_spi_stm32f103.o
 .group         0x0000000000000000        0xc ./myDrivers/Src/my_spi_stm32f103.o
 .group         0x0000000000000000        0xc ./myDrivers/Src/my_spi_stm32f103.o
 .group         0x0000000000000000        0xc ./myDrivers/Src/my_spi_stm32f103.o
 .text          0x0000000000000000        0x0 ./myDrivers/Src/my_spi_stm32f103.o
 .data          0x0000000000000000        0x0 ./myDrivers/Src/my_spi_stm32f103.o
 .bss           0x0000000000000000        0x0 ./myDrivers/Src/my_spi_stm32f103.o
 .text.SPI_PeriClockControl
                0x0000000000000000       0x6c ./myDrivers/Src/my_spi_stm32f103.o
 .text.SPI_Init
                0x0000000000000000      0x102 ./myDrivers/Src/my_spi_stm32f103.o
 .text.SPI_GetFlagStatus
                0x0000000000000000       0x26 ./myDrivers/Src/my_spi_stm32f103.o
 .text.SPI_SendData
                0x0000000000000000       0x6e ./myDrivers/Src/my_spi_stm32f103.o
 .text.SPI_ReceiveData
                0x0000000000000000       0x6e ./myDrivers/Src/my_spi_stm32f103.o
 .text.SPI_PeripheralControl
                0x0000000000000000       0x36 ./myDrivers/Src/my_spi_stm32f103.o
 .text.SPI_SSIConfig
                0x0000000000000000       0x36 ./myDrivers/Src/my_spi_stm32f103.o
 .text.SPI_IRQInterruptConfig
                0x0000000000000000      0x108 ./myDrivers/Src/my_spi_stm32f103.o
 .text.SPI_IRQPriorityConfig
                0x0000000000000000       0x4c ./myDrivers/Src/my_spi_stm32f103.o
 .text.SPI_SendDataIT
                0x0000000000000000       0x46 ./myDrivers/Src/my_spi_stm32f103.o
 .text.SPI_ReceiveDataIT
                0x0000000000000000       0x46 ./myDrivers/Src/my_spi_stm32f103.o
 .text.SPI_IRQHandling
                0x0000000000000000       0x9a ./myDrivers/Src/my_spi_stm32f103.o
 .text.SPI_TXE_Interrupt_Handle
                0x0000000000000000       0x80 ./myDrivers/Src/my_spi_stm32f103.o
 .text.SPI_RXNE_Interrupt_Handle
                0x0000000000000000       0x84 ./myDrivers/Src/my_spi_stm32f103.o
 .text.SPI_CloseTransmission
                0x0000000000000000       0x34 ./myDrivers/Src/my_spi_stm32f103.o
 .text.SPI_CloseReception
                0x0000000000000000       0x34 ./myDrivers/Src/my_spi_stm32f103.o
 .text.SPI_OVR_ERR_Interrupt_Handle
                0x0000000000000000       0x30 ./myDrivers/Src/my_spi_stm32f103.o
 .text.SPI_ClearOVRFlag
                0x0000000000000000       0x1e ./myDrivers/Src/my_spi_stm32f103.o
 .text.SPI_ApplicationEventCallback
                0x0000000000000000       0x16 ./myDrivers/Src/my_spi_stm32f103.o
 .debug_info    0x0000000000000000      0x75b ./myDrivers/Src/my_spi_stm32f103.o
 .debug_abbrev  0x0000000000000000      0x1d4 ./myDrivers/Src/my_spi_stm32f103.o
 .debug_aranges
                0x0000000000000000       0xb0 ./myDrivers/Src/my_spi_stm32f103.o
 .debug_ranges  0x0000000000000000       0xa0 ./myDrivers/Src/my_spi_stm32f103.o
 .debug_macro   0x0000000000000000       0x8a ./myDrivers/Src/my_spi_stm32f103.o
 .debug_macro   0x0000000000000000      0xaa2 ./myDrivers/Src/my_spi_stm32f103.o
 .debug_macro   0x0000000000000000       0x22 ./myDrivers/Src/my_spi_stm32f103.o
 .debug_macro   0x0000000000000000       0x8e ./myDrivers/Src/my_spi_stm32f103.o
 .debug_macro   0x0000000000000000       0x51 ./myDrivers/Src/my_spi_stm32f103.o
 .debug_macro   0x0000000000000000      0x103 ./myDrivers/Src/my_spi_stm32f103.o
 .debug_macro   0x0000000000000000       0x6a ./myDrivers/Src/my_spi_stm32f103.o
 .debug_macro   0x0000000000000000      0x1df ./myDrivers/Src/my_spi_stm32f103.o
 .debug_macro   0x0000000000000000      0x61c ./myDrivers/Src/my_spi_stm32f103.o
 .debug_macro   0x0000000000000000      0x174 ./myDrivers/Src/my_spi_stm32f103.o
 .debug_macro   0x0000000000000000       0xbe ./myDrivers/Src/my_spi_stm32f103.o
 .debug_line    0x0000000000000000      0x902 ./myDrivers/Src/my_spi_stm32f103.o
 .debug_str     0x0000000000000000     0x5d3d ./myDrivers/Src/my_spi_stm32f103.o
 .comment       0x0000000000000000       0x54 ./myDrivers/Src/my_spi_stm32f103.o
 .debug_frame   0x0000000000000000      0x2ec ./myDrivers/Src/my_spi_stm32f103.o
 .ARM.attributes
                0x0000000000000000       0x2d ./myDrivers/Src/my_spi_stm32f103.o
 .group         0x0000000000000000        0xc ./myDrivers/Src/my_uart_stm32f103.o
 .group         0x0000000000000000        0xc ./myDrivers/Src/my_uart_stm32f103.o
 .group         0x0000000000000000        0xc ./myDrivers/Src/my_uart_stm32f103.o
 .group         0x0000000000000000        0xc ./myDrivers/Src/my_uart_stm32f103.o
 .group         0x0000000000000000        0xc ./myDrivers/Src/my_uart_stm32f103.o
 .group         0x0000000000000000        0xc ./myDrivers/Src/my_uart_stm32f103.o
 .group         0x0000000000000000        0xc ./myDrivers/Src/my_uart_stm32f103.o
 .group         0x0000000000000000        0xc ./myDrivers/Src/my_uart_stm32f103.o
 .group         0x0000000000000000        0xc ./myDrivers/Src/my_uart_stm32f103.o
 .group         0x0000000000000000        0xc ./myDrivers/Src/my_uart_stm32f103.o
 .text          0x0000000000000000        0x0 ./myDrivers/Src/my_uart_stm32f103.o
 .data          0x0000000000000000        0x0 ./myDrivers/Src/my_uart_stm32f103.o
 .bss           0x0000000000000000        0x0 ./myDrivers/Src/my_uart_stm32f103.o
 .text.USART_ReceiveData
                0x0000000000000000       0xb0 ./myDrivers/Src/my_uart_stm32f103.o
 .text.USART_ClearFlag
                0x0000000000000000       0x24 ./myDrivers/Src/my_uart_stm32f103.o
 .text.USART_IRQInterruptConfig
                0x0000000000000000      0x108 ./myDrivers/Src/my_uart_stm32f103.o
 .text.USART_IRQPriorityConfig
                0x0000000000000000       0x54 ./myDrivers/Src/my_uart_stm32f103.o
 .text.USART_SendDataIT
                0x0000000000000000       0x5a ./myDrivers/Src/my_uart_stm32f103.o
 .text.USART_ReceiveDataIT
                0x0000000000000000       0x50 ./myDrivers/Src/my_uart_stm32f103.o
 .text.USART_IRQHandling
                0x0000000000000000      0x350 ./myDrivers/Src/my_uart_stm32f103.o
 .text.USART_ApplicationEventCallBack
                0x0000000000000000       0x16 ./myDrivers/Src/my_uart_stm32f103.o
 .debug_macro   0x0000000000000000      0xaa2 ./myDrivers/Src/my_uart_stm32f103.o
 .debug_macro   0x0000000000000000       0x22 ./myDrivers/Src/my_uart_stm32f103.o
 .debug_macro   0x0000000000000000       0x8e ./myDrivers/Src/my_uart_stm32f103.o
 .debug_macro   0x0000000000000000       0x51 ./myDrivers/Src/my_uart_stm32f103.o
 .debug_macro   0x0000000000000000      0x103 ./myDrivers/Src/my_uart_stm32f103.o
 .debug_macro   0x0000000000000000       0x6a ./myDrivers/Src/my_uart_stm32f103.o
 .debug_macro   0x0000000000000000      0x1df ./myDrivers/Src/my_uart_stm32f103.o
 .debug_macro   0x0000000000000000      0x61c ./myDrivers/Src/my_uart_stm32f103.o
 .debug_macro   0x0000000000000000      0x174 ./myDrivers/Src/my_uart_stm32f103.o
 .debug_macro   0x0000000000000000       0xf4 ./myDrivers/Src/my_uart_stm32f103.o
 .text          0x0000000000000000        0x0 c:/st/stm32cubeide_1.7.0/stm32cubeide/plugins/com.st.stm32cube.ide.mcu.externaltools.gnu-tools-for-stm32.9-2020-q2-update.win32_2.0.0.202105311346/tools/bin/../lib/gcc/arm-none-eabi/9.3.1/../../../../arm-none-eabi/lib/thumb/v7-m/nofp\libc_nano.a(lib_a-errno.o)
 .data          0x0000000000000000        0x0 c:/st/stm32cubeide_1.7.0/stm32cubeide/plugins/com.st.stm32cube.ide.mcu.externaltools.gnu-tools-for-stm32.9-2020-q2-update.win32_2.0.0.202105311346/tools/bin/../lib/gcc/arm-none-eabi/9.3.1/../../../../arm-none-eabi/lib/thumb/v7-m/nofp\libc_nano.a(lib_a-errno.o)
 .bss           0x0000000000000000        0x0 c:/st/stm32cubeide_1.7.0/stm32cubeide/plugins/com.st.stm32cube.ide.mcu.externaltools.gnu-tools-for-stm32.9-2020-q2-update.win32_2.0.0.202105311346/tools/bin/../lib/gcc/arm-none-eabi/9.3.1/../../../../arm-none-eabi/lib/thumb/v7-m/nofp\libc_nano.a(lib_a-errno.o)
 .text.__errno  0x0000000000000000        0xc c:/st/stm32cubeide_1.7.0/stm32cubeide/plugins/com.st.stm32cube.ide.mcu.externaltools.gnu-tools-for-stm32.9-2020-q2-update.win32_2.0.0.202105311346/tools/bin/../lib/gcc/arm-none-eabi/9.3.1/../../../../arm-none-eabi/lib/thumb/v7-m/nofp\libc_nano.a(lib_a-errno.o)
 .debug_frame   0x0000000000000000       0x20 c:/st/stm32cubeide_1.7.0/stm32cubeide/plugins/com.st.stm32cube.ide.mcu.externaltools.gnu-tools-for-stm32.9-2020-q2-update.win32_2.0.0.202105311346/tools/bin/../lib/gcc/arm-none-eabi/9.3.1/../../../../arm-none-eabi/lib/thumb/v7-m/nofp\libc_nano.a(lib_a-errno.o)
 .ARM.attributes
                0x0000000000000000       0x2d c:/st/stm32cubeide_1.7.0/stm32cubeide/plugins/com.st.stm32cube.ide.mcu.externaltools.gnu-tools-for-stm32.9-2020-q2-update.win32_2.0.0.202105311346/tools/bin/../lib/gcc/arm-none-eabi/9.3.1/../../../../arm-none-eabi/lib/thumb/v7-m/nofp\libc_nano.a(lib_a-errno.o)
 .text          0x0000000000000000        0x0 c:/st/stm32cubeide_1.7.0/stm32cubeide/plugins/com.st.stm32cube.ide.mcu.externaltools.gnu-tools-for-stm32.9-2020-q2-update.win32_2.0.0.202105311346/tools/bin/../lib/gcc/arm-none-eabi/9.3.1/../../../../arm-none-eabi/lib/thumb/v7-m/nofp\libc_nano.a(lib_a-exit.o)
 .data          0x0000000000000000        0x0 c:/st/stm32cubeide_1.7.0/stm32cubeide/plugins/com.st.stm32cube.ide.mcu.externaltools.gnu-tools-for-stm32.9-2020-q2-update.win32_2.0.0.202105311346/tools/bin/../lib/gcc/arm-none-eabi/9.3.1/../../../../arm-none-eabi/lib/thumb/v7-m/nofp\libc_nano.a(lib_a-exit.o)
 .bss           0x0000000000000000        0x0 c:/st/stm32cubeide_1.7.0/stm32cubeide/plugins/com.st.stm32cube.ide.mcu.externaltools.gnu-tools-for-stm32.9-2020-q2-update.win32_2.0.0.202105311346/tools/bin/../lib/gcc/arm-none-eabi/9.3.1/../../../../arm-none-eabi/lib/thumb/v7-m/nofp\libc_nano.a(lib_a-exit.o)
 .text.exit     0x0000000000000000       0x28 c:/st/stm32cubeide_1.7.0/stm32cubeide/plugins/com.st.stm32cube.ide.mcu.externaltools.gnu-tools-for-stm32.9-2020-q2-update.win32_2.0.0.202105311346/tools/bin/../lib/gcc/arm-none-eabi/9.3.1/../../../../arm-none-eabi/lib/thumb/v7-m/nofp\libc_nano.a(lib_a-exit.o)
 .debug_frame   0x0000000000000000       0x28 c:/st/stm32cubeide_1.7.0/stm32cubeide/plugins/com.st.stm32cube.ide.mcu.externaltools.gnu-tools-for-stm32.9-2020-q2-update.win32_2.0.0.202105311346/tools/bin/../lib/gcc/arm-none-eabi/9.3.1/../../../../arm-none-eabi/lib/thumb/v7-m/nofp\libc_nano.a(lib_a-exit.o)
 .ARM.attributes
                0x0000000000000000       0x2d c:/st/stm32cubeide_1.7.0/stm32cubeide/plugins/com.st.stm32cube.ide.mcu.externaltools.gnu-tools-for-stm32.9-2020-q2-update.win32_2.0.0.202105311346/tools/bin/../lib/gcc/arm-none-eabi/9.3.1/../../../../arm-none-eabi/lib/thumb/v7-m/nofp\libc_nano.a(lib_a-exit.o)
 .text          0x0000000000000000        0x0 c:/st/stm32cubeide_1.7.0/stm32cubeide/plugins/com.st.stm32cube.ide.mcu.externaltools.gnu-tools-for-stm32.9-2020-q2-update.win32_2.0.0.202105311346/tools/bin/../lib/gcc/arm-none-eabi/9.3.1/../../../../arm-none-eabi/lib/thumb/v7-m/nofp\libc_nano.a(lib_a-impure.o)
 .data          0x0000000000000000        0x0 c:/st/stm32cubeide_1.7.0/stm32cubeide/plugins/com.st.stm32cube.ide.mcu.externaltools.gnu-tools-for-stm32.9-2020-q2-update.win32_2.0.0.202105311346/tools/bin/../lib/gcc/arm-none-eabi/9.3.1/../../../../arm-none-eabi/lib/thumb/v7-m/nofp\libc_nano.a(lib_a-impure.o)
 .bss           0x0000000000000000        0x0 c:/st/stm32cubeide_1.7.0/stm32cubeide/plugins/com.st.stm32cube.ide.mcu.externaltools.gnu-tools-for-stm32.9-2020-q2-update.win32_2.0.0.202105311346/tools/bin/../lib/gcc/arm-none-eabi/9.3.1/../../../../arm-none-eabi/lib/thumb/v7-m/nofp\libc_nano.a(lib_a-impure.o)
 .data._impure_ptr
                0x0000000000000000        0x4 c:/st/stm32cubeide_1.7.0/stm32cubeide/plugins/com.st.stm32cube.ide.mcu.externaltools.gnu-tools-for-stm32.9-2020-q2-update.win32_2.0.0.202105311346/tools/bin/../lib/gcc/arm-none-eabi/9.3.1/../../../../arm-none-eabi/lib/thumb/v7-m/nofp\libc_nano.a(lib_a-impure.o)
 .data.impure_data
                0x0000000000000000       0x60 c:/st/stm32cubeide_1.7.0/stm32cubeide/plugins/com.st.stm32cube.ide.mcu.externaltools.gnu-tools-for-stm32.9-2020-q2-update.win32_2.0.0.202105311346/tools/bin/../lib/gcc/arm-none-eabi/9.3.1/../../../../arm-none-eabi/lib/thumb/v7-m/nofp\libc_nano.a(lib_a-impure.o)
 .rodata._global_impure_ptr
                0x0000000000000000        0x4 c:/st/stm32cubeide_1.7.0/stm32cubeide/plugins/com.st.stm32cube.ide.mcu.externaltools.gnu-tools-for-stm32.9-2020-q2-update.win32_2.0.0.202105311346/tools/bin/../lib/gcc/arm-none-eabi/9.3.1/../../../../arm-none-eabi/lib/thumb/v7-m/nofp\libc_nano.a(lib_a-impure.o)
 .ARM.attributes
                0x0000000000000000       0x2d c:/st/stm32cubeide_1.7.0/stm32cubeide/plugins/com.st.stm32cube.ide.mcu.externaltools.gnu-tools-for-stm32.9-2020-q2-update.win32_2.0.0.202105311346/tools/bin/../lib/gcc/arm-none-eabi/9.3.1/../../../../arm-none-eabi/lib/thumb/v7-m/nofp\libc_nano.a(lib_a-impure.o)
 .text          0x0000000000000000        0x0 c:/st/stm32cubeide_1.7.0/stm32cubeide/plugins/com.st.stm32cube.ide.mcu.externaltools.gnu-tools-for-stm32.9-2020-q2-update.win32_2.0.0.202105311346/tools/bin/../lib/gcc/arm-none-eabi/9.3.1/../../../../arm-none-eabi/lib/thumb/v7-m/nofp\libc_nano.a(lib_a-init.o)
 .data          0x0000000000000000        0x0 c:/st/stm32cubeide_1.7.0/stm32cubeide/plugins/com.st.stm32cube.ide.mcu.externaltools.gnu-tools-for-stm32.9-2020-q2-update.win32_2.0.0.202105311346/tools/bin/../lib/gcc/arm-none-eabi/9.3.1/../../../../arm-none-eabi/lib/thumb/v7-m/nofp\libc_nano.a(lib_a-init.o)
 .bss           0x0000000000000000        0x0 c:/st/stm32cubeide_1.7.0/stm32cubeide/plugins/com.st.stm32cube.ide.mcu.externaltools.gnu-tools-for-stm32.9-2020-q2-update.win32_2.0.0.202105311346/tools/bin/../lib/gcc/arm-none-eabi/9.3.1/../../../../arm-none-eabi/lib/thumb/v7-m/nofp\libc_nano.a(lib_a-init.o)
 .text          0x0000000000000000        0x0 c:/st/stm32cubeide_1.7.0/stm32cubeide/plugins/com.st.stm32cube.ide.mcu.externaltools.gnu-tools-for-stm32.9-2020-q2-update.win32_2.0.0.202105311346/tools/bin/../lib/gcc/arm-none-eabi/9.3.1/../../../../arm-none-eabi/lib/thumb/v7-m/nofp\libc_nano.a(lib_a-memset.o)
 .data          0x0000000000000000        0x0 c:/st/stm32cubeide_1.7.0/stm32cubeide/plugins/com.st.stm32cube.ide.mcu.externaltools.gnu-tools-for-stm32.9-2020-q2-update.win32_2.0.0.202105311346/tools/bin/../lib/gcc/arm-none-eabi/9.3.1/../../../../arm-none-eabi/lib/thumb/v7-m/nofp\libc_nano.a(lib_a-memset.o)
 .bss           0x0000000000000000        0x0 c:/st/stm32cubeide_1.7.0/stm32cubeide/plugins/com.st.stm32cube.ide.mcu.externaltools.gnu-tools-for-stm32.9-2020-q2-update.win32_2.0.0.202105311346/tools/bin/../lib/gcc/arm-none-eabi/9.3.1/../../../../arm-none-eabi/lib/thumb/v7-m/nofp\libc_nano.a(lib_a-memset.o)
 .text.memset   0x0000000000000000       0x10 c:/st/stm32cubeide_1.7.0/stm32cubeide/plugins/com.st.stm32cube.ide.mcu.externaltools.gnu-tools-for-stm32.9-2020-q2-update.win32_2.0.0.202105311346/tools/bin/../lib/gcc/arm-none-eabi/9.3.1/../../../../arm-none-eabi/lib/thumb/v7-m/nofp\libc_nano.a(lib_a-memset.o)
 .debug_frame   0x0000000000000000       0x20 c:/st/stm32cubeide_1.7.0/stm32cubeide/plugins/com.st.stm32cube.ide.mcu.externaltools.gnu-tools-for-stm32.9-2020-q2-update.win32_2.0.0.202105311346/tools/bin/../lib/gcc/arm-none-eabi/9.3.1/../../../../arm-none-eabi/lib/thumb/v7-m/nofp\libc_nano.a(lib_a-memset.o)
 .ARM.attributes
                0x0000000000000000       0x2d c:/st/stm32cubeide_1.7.0/stm32cubeide/plugins/com.st.stm32cube.ide.mcu.externaltools.gnu-tools-for-stm32.9-2020-q2-update.win32_2.0.0.202105311346/tools/bin/../lib/gcc/arm-none-eabi/9.3.1/../../../../arm-none-eabi/lib/thumb/v7-m/nofp\libc_nano.a(lib_a-memset.o)
 .data          0x0000000000000000        0x0 c:/st/stm32cubeide_1.7.0/stm32cubeide/plugins/com.st.stm32cube.ide.mcu.externaltools.gnu-tools-for-stm32.9-2020-q2-update.win32_2.0.0.202105311346/tools/bin/../lib/gcc/arm-none-eabi/9.3.1/../../../../arm-none-eabi/lib/thumb/v7-m/nofp\libc_nano.a(lib_a-strlen.o)
 .bss           0x0000000000000000        0x0 c:/st/stm32cubeide_1.7.0/stm32cubeide/plugins/com.st.stm32cube.ide.mcu.externaltools.gnu-tools-for-stm32.9-2020-q2-update.win32_2.0.0.202105311346/tools/bin/../lib/gcc/arm-none-eabi/9.3.1/../../../../arm-none-eabi/lib/thumb/v7-m/nofp\libc_nano.a(lib_a-strlen.o)
 .data          0x0000000000000000        0x0 c:/st/stm32cubeide_1.7.0/stm32cubeide/plugins/com.st.stm32cube.ide.mcu.externaltools.gnu-tools-for-stm32.9-2020-q2-update.win32_2.0.0.202105311346/tools/bin/../lib/gcc/arm-none-eabi/9.3.1/thumb/v7-m/nofp\libgcc.a(_arm_addsubsf3.o)
 .bss           0x0000000000000000        0x0 c:/st/stm32cubeide_1.7.0/stm32cubeide/plugins/com.st.stm32cube.ide.mcu.externaltools.gnu-tools-for-stm32.9-2020-q2-update.win32_2.0.0.202105311346/tools/bin/../lib/gcc/arm-none-eabi/9.3.1/thumb/v7-m/nofp\libgcc.a(_arm_addsubsf3.o)
 .data          0x0000000000000000        0x0 c:/st/stm32cubeide_1.7.0/stm32cubeide/plugins/com.st.stm32cube.ide.mcu.externaltools.gnu-tools-for-stm32.9-2020-q2-update.win32_2.0.0.202105311346/tools/bin/../lib/gcc/arm-none-eabi/9.3.1/thumb/v7-m/nofp\libgcc.a(_arm_fixunssfsi.o)
 .bss           0x0000000000000000        0x0 c:/st/stm32cubeide_1.7.0/stm32cubeide/plugins/com.st.stm32cube.ide.mcu.externaltools.gnu-tools-for-stm32.9-2020-q2-update.win32_2.0.0.202105311346/tools/bin/../lib/gcc/arm-none-eabi/9.3.1/thumb/v7-m/nofp\libgcc.a(_arm_fixunssfsi.o)
 .text          0x0000000000000000        0x0 c:/st/stm32cubeide_1.7.0/stm32cubeide/plugins/com.st.stm32cube.ide.mcu.externaltools.gnu-tools-for-stm32.9-2020-q2-update.win32_2.0.0.202105311346/tools/bin/../lib/gcc/arm-none-eabi/9.3.1/thumb/v7-m/nofp/crtend.o
 .data          0x0000000000000000        0x0 c:/st/stm32cubeide_1.7.0/stm32cubeide/plugins/com.st.stm32cube.ide.mcu.externaltools.gnu-tools-for-stm32.9-2020-q2-update.win32_2.0.0.202105311346/tools/bin/../lib/gcc/arm-none-eabi/9.3.1/thumb/v7-m/nofp/crtend.o
 .bss           0x0000000000000000        0x0 c:/st/stm32cubeide_1.7.0/stm32cubeide/plugins/com.st.stm32cube.ide.mcu.externaltools.gnu-tools-for-stm32.9-2020-q2-update.win32_2.0.0.202105311346/tools/bin/../lib/gcc/arm-none-eabi/9.3.1/thumb/v7-m/nofp/crtend.o
 .eh_frame      0x0000000000000000        0x4 c:/st/stm32cubeide_1.7.0/stm32cubeide/plugins/com.st.stm32cube.ide.mcu.externaltools.gnu-tools-for-stm32.9-2020-q2-update.win32_2.0.0.202105311346/tools/bin/../lib/gcc/arm-none-eabi/9.3.1/thumb/v7-m/nofp/crtend.o
 .ARM.attributes
                0x0000000000000000       0x2d c:/st/stm32cubeide_1.7.0/stm32cubeide/plugins/com.st.stm32cube.ide.mcu.externaltools.gnu-tools-for-stm32.9-2020-q2-update.win32_2.0.0.202105311346/tools/bin/../lib/gcc/arm-none-eabi/9.3.1/thumb/v7-m/nofp/crtend.o
 .text          0x0000000000000000        0x0 c:/st/stm32cubeide_1.7.0/stm32cubeide/plugins/com.st.stm32cube.ide.mcu.externaltools.gnu-tools-for-stm32.9-2020-q2-update.win32_2.0.0.202105311346/tools/bin/../lib/gcc/arm-none-eabi/9.3.1/thumb/v7-m/nofp/crtn.o
 .data          0x0000000000000000        0x0 c:/st/stm32cubeide_1.7.0/stm32cubeide/plugins/com.st.stm32cube.ide.mcu.externaltools.gnu-tools-for-stm32.9-2020-q2-update.win32_2.0.0.202105311346/tools/bin/../lib/gcc/arm-none-eabi/9.3.1/thumb/v7-m/nofp/crtn.o
 .bss           0x0000000000000000        0x0 c:/st/stm32cubeide_1.7.0/stm32cubeide/plugins/com.st.stm32cube.ide.mcu.externaltools.gnu-tools-for-stm32.9-2020-q2-update.win32_2.0.0.202105311346/tools/bin/../lib/gcc/arm-none-eabi/9.3.1/thumb/v7-m/nofp/crtn.o

Memory Configuration

Name             Origin             Length             Attributes
RAM              0x0000000020000000 0x0000000000005000 xrw
FLASH            0x0000000008000000 0x0000000000010000 xr
*default*        0x0000000000000000 0xffffffffffffffff

Linker script and memory map

LOAD c:/st/stm32cubeide_1.7.0/stm32cubeide/plugins/com.st.stm32cube.ide.mcu.externaltools.gnu-tools-for-stm32.9-2020-q2-update.win32_2.0.0.202105311346/tools/bin/../lib/gcc/arm-none-eabi/9.3.1/thumb/v7-m/nofp/crti.o
LOAD c:/st/stm32cubeide_1.7.0/stm32cubeide/plugins/com.st.stm32cube.ide.mcu.externaltools.gnu-tools-for-stm32.9-2020-q2-update.win32_2.0.0.202105311346/tools/bin/../lib/gcc/arm-none-eabi/9.3.1/thumb/v7-m/nofp/crtbegin.o
LOAD c:/st/stm32cubeide_1.7.0/stm32cubeide/plugins/com.st.stm32cube.ide.mcu.externaltools.gnu-tools-for-stm32.9-2020-q2-update.win32_2.0.0.202105311346/tools/bin/../lib/gcc/arm-none-eabi/9.3.1/../../../../arm-none-eabi/lib/thumb/v7-m/nofp/crt0.o
LOAD ./Src/syscalls.o
LOAD ./Src/sysmem.o
LOAD ./Src/test_uart.o
LOAD ./Startup/startup_stm32f103c8tx.o
LOAD ./myDrivers/Src/my_gpio_stm32f103.o
LOAD ./myDrivers/Src/my_rcc_stm32f103.o
LOAD ./myDrivers/Src/my_spi_stm32f103.o
LOAD ./myDrivers/Src/my_uart_stm32f103.o
START GROUP
LOAD c:/st/stm32cubeide_1.7.0/stm32cubeide/plugins/com.st.stm32cube.ide.mcu.externaltools.gnu-tools-for-stm32.9-2020-q2-update.win32_2.0.0.202105311346/tools/bin/../lib/gcc/arm-none-eabi/9.3.1/../../../../arm-none-eabi/lib/thumb/v7-m/nofp\libc_nano.a
LOAD c:/st/stm32cubeide_1.7.0/stm32cubeide/plugins/com.st.stm32cube.ide.mcu.externaltools.gnu-tools-for-stm32.9-2020-q2-update.win32_2.0.0.202105311346/tools/bin/../lib/gcc/arm-none-eabi/9.3.1/../../../../arm-none-eabi/lib/thumb/v7-m/nofp\libm.a
END GROUP
START GROUP
LOAD c:/st/stm32cubeide_1.7.0/stm32cubeide/plugins/com.st.stm32cube.ide.mcu.externaltools.gnu-tools-for-stm32.9-2020-q2-update.win32_2.0.0.202105311346/tools/bin/../lib/gcc/arm-none-eabi/9.3.1/thumb/v7-m/nofp\libgcc.a
LOAD c:/st/stm32cubeide_1.7.0/stm32cubeide/plugins/com.st.stm32cube.ide.mcu.externaltools.gnu-tools-for-stm32.9-2020-q2-update.win32_2.0.0.202105311346/tools/bin/../lib/gcc/arm-none-eabi/9.3.1/../../../../arm-none-eabi/lib/thumb/v7-m/nofp\libc_nano.a
END GROUP
START GROUP
LOAD c:/st/stm32cubeide_1.7.0/stm32cubeide/plugins/com.st.stm32cube.ide.mcu.externaltools.gnu-tools-for-stm32.9-2020-q2-update.win32_2.0.0.202105311346/tools/bin/../lib/gcc/arm-none-eabi/9.3.1/thumb/v7-m/nofp\libgcc.a
LOAD c:/st/stm32cubeide_1.7.0/stm32cubeide/plugins/com.st.stm32cube.ide.mcu.externaltools.gnu-tools-for-stm32.9-2020-q2-update.win32_2.0.0.202105311346/tools/bin/../lib/gcc/arm-none-eabi/9.3.1/../../../../arm-none-eabi/lib/thumb/v7-m/nofp\libc_nano.a
LOAD c:/st/stm32cubeide_1.7.0/stm32cubeide/plugins/com.st.stm32cube.ide.mcu.externaltools.gnu-tools-for-stm32.9-2020-q2-update.win32_2.0.0.202105311346/tools/bin/../lib/gcc/arm-none-eabi/9.3.1/../../../../arm-none-eabi/lib/thumb/v7-m/nofp\libnosys.a
END GROUP
START GROUP
LOAD c:/st/stm32cubeide_1.7.0/stm32cubeide/plugins/com.st.stm32cube.ide.mcu.externaltools.gnu-tools-for-stm32.9-2020-q2-update.win32_2.0.0.202105311346/tools/bin/../lib/gcc/arm-none-eabi/9.3.1/thumb/v7-m/nofp\libgcc.a
LOAD c:/st/stm32cubeide_1.7.0/stm32cubeide/plugins/com.st.stm32cube.ide.mcu.externaltools.gnu-tools-for-stm32.9-2020-q2-update.win32_2.0.0.202105311346/tools/bin/../lib/gcc/arm-none-eabi/9.3.1/../../../../arm-none-eabi/lib/thumb/v7-m/nofp\libc_nano.a
LOAD c:/st/stm32cubeide_1.7.0/stm32cubeide/plugins/com.st.stm32cube.ide.mcu.externaltools.gnu-tools-for-stm32.9-2020-q2-update.win32_2.0.0.202105311346/tools/bin/../lib/gcc/arm-none-eabi/9.3.1/../../../../arm-none-eabi/lib/thumb/v7-m/nofp\libnosys.a
END GROUP
LOAD c:/st/stm32cubeide_1.7.0/stm32cubeide/plugins/com.st.stm32cube.ide.mcu.externaltools.gnu-tools-for-stm32.9-2020-q2-update.win32_2.0.0.202105311346/tools/bin/../lib/gcc/arm-none-eabi/9.3.1/thumb/v7-m/nofp/crtend.o
LOAD c:/st/stm32cubeide_1.7.0/stm32cubeide/plugins/com.st.stm32cube.ide.mcu.externaltools.gnu-tools-for-stm32.9-2020-q2-update.win32_2.0.0.202105311346/tools/bin/../lib/gcc/arm-none-eabi/9.3.1/thumb/v7-m/nofp/crtn.o
                0x0000000020005000                _estack = (ORIGIN (RAM) + LENGTH (RAM))
                0x0000000000000200                _Min_Heap_Size = 0x200
                0x0000000000000400                _Min_Stack_Size = 0x400

.isr_vector     0x0000000008000000      0x130
                0x0000000008000000                . = ALIGN (0x4)
 *(.isr_vector)
 .isr_vector    0x0000000008000000      0x130 ./Startup/startup_stm32f103c8tx.o
                0x0000000008000000                g_pfnVectors
                0x0000000008000130                . = ALIGN (0x4)

.text           0x0000000008000130      0xc48
                0x0000000008000130                . = ALIGN (0x4)
 *(.text)
 .text          0x0000000008000130       0x40 c:/st/stm32cubeide_1.7.0/stm32cubeide/plugins/com.st.stm32cube.ide.mcu.externaltools.gnu-tools-for-stm32.9-2020-q2-update.win32_2.0.0.202105311346/tools/bin/../lib/gcc/arm-none-eabi/9.3.1/thumb/v7-m/nofp/crtbegin.o
 .text          0x0000000008000170       0x10 c:/st/stm32cubeide_1.7.0/stm32cubeide/plugins/com.st.stm32cube.ide.mcu.externaltools.gnu-tools-for-stm32.9-2020-q2-update.win32_2.0.0.202105311346/tools/bin/../lib/gcc/arm-none-eabi/9.3.1/../../../../arm-none-eabi/lib/thumb/v7-m/nofp\libc_nano.a(lib_a-strlen.o)
                0x0000000008000170                strlen
 .text          0x0000000008000180      0x21c c:/st/stm32cubeide_1.7.0/stm32cubeide/plugins/com.st.stm32cube.ide.mcu.externaltools.gnu-tools-for-stm32.9-2020-q2-update.win32_2.0.0.202105311346/tools/bin/../lib/gcc/arm-none-eabi/9.3.1/thumb/v7-m/nofp\libgcc.a(_arm_addsubsf3.o)
                0x0000000008000180                __aeabi_frsub
                0x0000000008000188                __subsf3
                0x0000000008000188                __aeabi_fsub
                0x000000000800018c                __aeabi_fadd
                0x000000000800018c                __addsf3
                0x00000000080002ec                __aeabi_ui2f
                0x00000000080002ec                __floatunsisf
                0x00000000080002f4                __aeabi_i2f
                0x00000000080002f4                __floatsisf
                0x0000000008000310                __aeabi_ul2f
                0x0000000008000310                __floatundisf
                0x0000000008000320                __aeabi_l2f
                0x0000000008000320                __floatdisf
 .text          0x000000000800039c       0x40 c:/st/stm32cubeide_1.7.0/stm32cubeide/plugins/com.st.stm32cube.ide.mcu.externaltools.gnu-tools-for-stm32.9-2020-q2-update.win32_2.0.0.202105311346/tools/bin/../lib/gcc/arm-none-eabi/9.3.1/thumb/v7-m/nofp\libgcc.a(_arm_fixunssfsi.o)
                0x000000000800039c                __fixunssfsi
                0x000000000800039c                __aeabi_f2uiz
 *(.text*)
 .text.USART1_Init
                0x00000000080003dc       0x44 ./Src/test_uart.o
                0x00000000080003dc                USART1_Init
 .text.USART1_GPIOInit
                0x0000000008000420       0x38 ./Src/test_uart.o
                0x0000000008000420                USART1_GPIOInit
 .text.main     0x0000000008000458       0x34 ./Src/test_uart.o
                0x0000000008000458                main
 .text.Reset_Handler
                0x000000000800048c       0x50 ./Startup/startup_stm32f103c8tx.o
                0x000000000800048c                Reset_Handler
 .text.Default_Handler
                0x00000000080004dc        0x2 ./Startup/startup_stm32f103c8tx.o
                0x00000000080004dc                EXTI2_IRQHandler
                0x00000000080004dc                TIM8_TRG_COM_IRQHandler
                0x00000000080004dc                TIM8_CC_IRQHandler
                0x00000000080004dc                DebugMon_Handler
                0x00000000080004dc                TIM1_CC_IRQHandler
                0x00000000080004dc                HardFault_Handler
                0x00000000080004dc                TIM6_IRQHandler
                0x00000000080004dc                SysTick_Handler
                0x00000000080004dc                PVD_IRQHandler
                0x00000000080004dc                SDIO_IRQHandler
                0x00000000080004dc                PendSV_Handler
                0x00000000080004dc                NMI_Handler
                0x00000000080004dc                EXTI3_IRQHandler
                0x00000000080004dc                USB_HP_CAN_TX_IRQHandler
                0x00000000080004dc                EXTI0_IRQHandler
                0x00000000080004dc                I2C2_EV_IRQHandler
                0x00000000080004dc                UsageFault_Handler
                0x00000000080004dc                ADC1_2_IRQHandler
                0x00000000080004dc                SPI1_IRQHandler
                0x00000000080004dc                CAN_SCE_IRQHandler
                0x00000000080004dc                TAMPER_IRQHandler
                0x00000000080004dc                TIM8_UP_IRQHandler
                0x00000000080004dc                DMA2_Channel2_IRQHandler
                0x00000000080004dc                DMA1_Channel4_IRQHandler
                0x00000000080004dc                USART3_IRQHandler
                0x00000000080004dc                RTC_IRQHandler
                0x00000000080004dc                DMA1_Channel7_IRQHandler
                0x00000000080004dc                UART5_IRQHandler
                0x00000000080004dc                ADC3_IRQHandler
                0x00000000080004dc                TIM4_IRQHandler
                0x00000000080004dc                CAN_RX1_IRQHandler
                0x00000000080004dc                DMA2_Channel1_IRQHandler
                0x00000000080004dc                I2C1_EV_IRQHandler
                0x00000000080004dc                DMA1_Channel6_IRQHandler
                0x00000000080004dc                UART4_IRQHandler
                0x00000000080004dc                TIM3_IRQHandler
                0x00000000080004dc                RCC_IRQHandler
                0x00000000080004dc                TIM1_TRG_COM_IRQHandler
                0x00000000080004dc                DMA1_Channel1_IRQHandler
                0x00000000080004dc                Default_Handler
                0x00000000080004dc                EXTI15_10_IRQHandler
                0x00000000080004dc                TIM7_IRQHandler
                0x00000000080004dc                TIM5_IRQHandler
                0x00000000080004dc                EXTI9_5_IRQHandler
                0x00000000080004dc                SPI2_IRQHandler
                0x00000000080004dc                USB_LP_CAN_RX0_IRQHandler
                0x00000000080004dc                MemManage_Handler
                0x00000000080004dc                SVC_Handler
                0x00000000080004dc                DMA1_Channel5_IRQHandler
                0x00000000080004dc                EXTI4_IRQHandler
                0x00000000080004dc                DMA1_Channel3_IRQHandler
                0x00000000080004dc                FSMC_IRQHandler
                0x00000000080004dc                TIM1_UP_IRQHandler
                0x00000000080004dc                WWDG_IRQHandler
                0x00000000080004dc                TIM2_IRQHandler
                0x00000000080004dc                TIM1_BRK_IRQHandler
                0x00000000080004dc                EXTI1_IRQHandler
                0x00000000080004dc                RTCAlarm_IRQHandler
                0x00000000080004dc                DMA2_Channel4_5_IRQHandler
                0x00000000080004dc                USART2_IRQHandler
                0x00000000080004dc                I2C2_ER_IRQHandler
                0x00000000080004dc                DMA1_Channel2_IRQHandler
                0x00000000080004dc                TIM8_BRK_IRQHandler
                0x00000000080004dc                FLASH_IRQHandler
                0x00000000080004dc                BusFault_Handler
                0x00000000080004dc                USART1_IRQHandler
                0x00000000080004dc                SPI3_IRQHandler
                0x00000000080004dc                I2C1_ER_IRQHandler
                0x00000000080004dc                DMA2_Channel3_IRQHandler
 *fill*         0x00000000080004de        0x2 
 .text.PeriClockControl
                0x00000000080004e0      0x110 ./myDrivers/Src/my_gpio_stm32f103.o
                0x00000000080004e0                PeriClockControl
 .text.PeriClockAFIOControl
                0x00000000080005f0       0x38 ./myDrivers/Src/my_gpio_stm32f103.o
                0x00000000080005f0                PeriClockAFIOControl
 .text.GPIO_Init
                0x0000000008000628      0x2c0 ./myDrivers/Src/my_gpio_stm32f103.o
                0x0000000008000628                GPIO_Init
 .text.RCC_GetPCLK1Value
                0x00000000080008e8       0x9c ./myDrivers/Src/my_rcc_stm32f103.o
                0x00000000080008e8                RCC_GetPCLK1Value
 .text.RCC_GetPCLK2Value
                0x0000000008000984       0x9c ./myDrivers/Src/my_rcc_stm32f103.o
                0x0000000008000984                RCC_GetPCLK2Value
 .text.USART_PeriClockControl
                0x0000000008000a20       0xa0 ./myDrivers/Src/my_uart_stm32f103.o
                0x0000000008000a20                USART_PeriClockControl
 .text.USART_Init
                0x0000000008000ac0       0xd0 ./myDrivers/Src/my_uart_stm32f103.o
                0x0000000008000ac0                USART_Init
 .text.USART_SetBaudRate
                0x0000000008000b90       0x8c ./myDrivers/Src/my_uart_stm32f103.o
                0x0000000008000b90                USART_SetBaudRate
 .text.USART_PeripheralControl
                0x0000000008000c1c       0x36 ./myDrivers/Src/my_uart_stm32f103.o
                0x0000000008000c1c                USART_PeripheralControl
 .text.USART_GetFlagStatus
                0x0000000008000c52       0x2c ./myDrivers/Src/my_uart_stm32f103.o
                0x0000000008000c52                USART_GetFlagStatus
 .text.USART_SendData
                0x0000000008000c7e       0x9a ./myDrivers/Src/my_uart_stm32f103.o
                0x0000000008000c7e                USART_SendData
 .text.__libc_init_array
                0x0000000008000d18       0x48 c:/st/stm32cubeide_1.7.0/stm32cubeide/plugins/com.st.stm32cube.ide.mcu.externaltools.gnu-tools-for-stm32.9-2020-q2-update.win32_2.0.0.202105311346/tools/bin/../lib/gcc/arm-none-eabi/9.3.1/../../../../arm-none-eabi/lib/thumb/v7-m/nofp\libc_nano.a(lib_a-init.o)
                0x0000000008000d18                __libc_init_array
 *(.glue_7)
 .glue_7        0x0000000008000d60        0x0 linker stubs
 *(.glue_7t)
 .glue_7t       0x0000000008000d60        0x0 linker stubs
 *(.eh_frame)
 .eh_frame      0x0000000008000d60        0x0 c:/st/stm32cubeide_1.7.0/stm32cubeide/plugins/com.st.stm32cube.ide.mcu.externaltools.gnu-tools-for-stm32.9-2020-q2-update.win32_2.0.0.202105311346/tools/bin/../lib/gcc/arm-none-eabi/9.3.1/thumb/v7-m/nofp/crtbegin.o
 *(.init)
 .init          0x0000000008000d60        0x4 c:/st/stm32cubeide_1.7.0/stm32cubeide/plugins/com.st.stm32cube.ide.mcu.externaltools.gnu-tools-for-stm32.9-2020-q2-update.win32_2.0.0.202105311346/tools/bin/../lib/gcc/arm-none-eabi/9.3.1/thumb/v7-m/nofp/crti.o
                0x0000000008000d60                _init
 .init          0x0000000008000d64        0x8 c:/st/stm32cubeide_1.7.0/stm32cubeide/plugins/com.st.stm32cube.ide.mcu.externaltools.gnu-tools-for-stm32.9-2020-q2-update.win32_2.0.0.202105311346/tools/bin/../lib/gcc/arm-none-eabi/9.3.1/thumb/v7-m/nofp/crtn.o
 *(.fini)
 .fini          0x0000000008000d6c        0x4 c:/st/stm32cubeide_1.7.0/stm32cubeide/plugins/com.st.stm32cube.ide.mcu.externaltools.gnu-tools-for-stm32.9-2020-q2-update.win32_2.0.0.202105311346/tools/bin/../lib/gcc/arm-none-eabi/9.3.1/thumb/v7-m/nofp/crti.o
                0x0000000008000d6c                _fini
 .fini          0x0000000008000d70        0x8 c:/st/stm32cubeide_1.7.0/stm32cubeide/plugins/com.st.stm32cube.ide.mcu.externaltools.gnu-tools-for-stm32.9-2020-q2-update.win32_2.0.0.202105311346/tools/bin/../lib/gcc/arm-none-eabi/9.3.1/thumb/v7-m/nofp/crtn.o
                0x0000000008000d78                . = ALIGN (0x4)
                0x0000000008000d78                _etext = .

.vfp11_veneer   0x0000000008000d78        0x0
 .vfp11_veneer  0x0000000008000d78        0x0 linker stubs

.v4_bx          0x0000000008000d78        0x0
 .v4_bx         0x0000000008000d78        0x0 linker stubs

.iplt           0x0000000008000d78        0x0
 .iplt          0x0000000008000d78        0x0 c:/st/stm32cubeide_1.7.0/stm32cubeide/plugins/com.st.stm32cube.ide.mcu.externaltools.gnu-tools-for-stm32.9-2020-q2-update.win32_2.0.0.202105311346/tools/bin/../lib/gcc/arm-none-eabi/9.3.1/thumb/v7-m/nofp/crtbegin.o

.rel.dyn        0x0000000008000d78        0x0
 .rel.iplt      0x0000000008000d78        0x0 c:/st/stm32cubeide_1.7.0/stm32cubeide/plugins/com.st.stm32cube.ide.mcu.externaltools.gnu-tools-for-stm32.9-2020-q2-update.win32_2.0.0.202105311346/tools/bin/../lib/gcc/arm-none-eabi/9.3.1/thumb/v7-m/nofp/crtbegin.o

.rodata         0x0000000008000d78        0x0
                0x0000000008000d78                . = ALIGN (0x4)
 *(.rodata)
 *(.rodata*)
                0x0000000008000d78                . = ALIGN (0x4)

.ARM.extab      0x0000000008000d78        0x0
                0x0000000008000d78                . = ALIGN (0x4)
 *(.ARM.extab* .gnu.linkonce.armextab.*)
                0x0000000008000d78                . = ALIGN (0x4)

.ARM            0x0000000008000d78        0x0
                0x0000000008000d78                . = ALIGN (0x4)
                0x0000000008000d78                __exidx_start = .
 *(.ARM.exidx*)
                0x0000000008000d78                __exidx_end = .
                0x0000000008000d78                . = ALIGN (0x4)

.preinit_array  0x0000000008000d78        0x0
                0x0000000008000d78                . = ALIGN (0x4)
                0x0000000008000d78                PROVIDE (__preinit_array_start = .)
 *(.preinit_array*)
                0x0000000008000d78                PROVIDE (__preinit_array_end = .)
                0x0000000008000d78                . = ALIGN (0x4)

.init_array     0x0000000008000d78        0x4
                0x0000000008000d78                . = ALIGN (0x4)
                0x0000000008000d78                PROVIDE (__init_array_start = .)
 *(SORT_BY_NAME(.init_array.*))
 *(.init_array*)
 .init_array    0x0000000008000d78        0x4 c:/st/stm32cubeide_1.7.0/stm32cubeide/plugins/com.st.stm32cube.ide.mcu.externaltools.gnu-tools-for-stm32.9-2020-q2-update.win32_2.0.0.202105311346/tools/bin/../lib/gcc/arm-none-eabi/9.3.1/thumb/v7-m/nofp/crtbegin.o
                0x0000000008000d7c                PROVIDE (__init_array_end = .)
                0x0000000008000d7c                . = ALIGN (0x4)

.fini_array     0x0000000008000d7c        0x4
                0x0000000008000d7c                . = ALIGN (0x4)
                [!provide]                        PROVIDE (__fini_array_start = .)
 *(SORT_BY_NAME(.fini_array.*))
 *(.fini_array*)
 .fini_array    0x0000000008000d7c        0x4 c:/st/stm32cubeide_1.7.0/stm32cubeide/plugins/com.st.stm32cube.ide.mcu.externaltools.gnu-tools-for-stm32.9-2020-q2-update.win32_2.0.0.202105311346/tools/bin/../lib/gcc/arm-none-eabi/9.3.1/thumb/v7-m/nofp/crtbegin.o
                [!provide]                        PROVIDE (__fini_array_end = .)
                0x0000000008000d80                . = ALIGN (0x4)
                0x0000000008000d80                _sidata = LOADADDR (.data)

.data           0x0000000020000000      0x418 load address 0x0000000008000d80
                0x0000000020000000                . = ALIGN (0x4)
                0x0000000020000000                _sdata = .
 *(.data)
 *(.data*)
 .data.test     0x0000000020000000      0x400 ./Src/test_uart.o
                0x0000000020000000                test
 .data.AHB_Prescaler
                0x0000000020000400       0x10 ./myDrivers/Src/my_rcc_stm32f103.o
                0x0000000020000400                AHB_Prescaler
 .data.APB1_Prescaler
                0x0000000020000410        0x4 ./myDrivers/Src/my_rcc_stm32f103.o
                0x0000000020000410                APB1_Prescaler
 .data.APB2_Prescaler
                0x0000000020000414        0x4 ./myDrivers/Src/my_rcc_stm32f103.o
                0x0000000020000414                APB2_Prescaler
 *(.RamFunc)
 *(.RamFunc*)
                0x0000000020000418                . = ALIGN (0x4)
                0x0000000020000418                _edata = .

.igot.plt       0x0000000020000418        0x0 load address 0x0000000008001198
 .igot.plt      0x0000000020000418        0x0 c:/st/stm32cubeide_1.7.0/stm32cubeide/plugins/com.st.stm32cube.ide.mcu.externaltools.gnu-tools-for-stm32.9-2020-q2-update.win32_2.0.0.202105311346/tools/bin/../lib/gcc/arm-none-eabi/9.3.1/thumb/v7-m/nofp/crtbegin.o
                0x0000000020000418                . = ALIGN (0x4)

.bss            0x0000000020000418       0x40 load address 0x0000000008001198
                0x0000000020000418                _sbss = .
                0x0000000020000418                __bss_start__ = _sbss
 *(.bss)
 .bss           0x0000000020000418       0x1c c:/st/stm32cubeide_1.7.0/stm32cubeide/plugins/com.st.stm32cube.ide.mcu.externaltools.gnu-tools-for-stm32.9-2020-q2-update.win32_2.0.0.202105311346/tools/bin/../lib/gcc/arm-none-eabi/9.3.1/thumb/v7-m/nofp/crtbegin.o
 *(.bss*)
 *(COMMON)
 COMMON         0x0000000020000434       0x24 ./Src/test_uart.o
                0x0000000020000434                usart1_handle
                0x0000000020000458                . = ALIGN (0x4)
                0x0000000020000458                _ebss = .
                0x0000000020000458                __bss_end__ = _ebss

._user_heap_stack
                0x0000000020000458      0x600 load address 0x0000000008001198
                0x0000000020000458                . = ALIGN (0x8)
                [!provide]                        PROVIDE (end = .)
                0x0000000020000458                PROVIDE (_end = .)
                0x0000000020000658                . = (. + _Min_Heap_Size)
 *fill*         0x0000000020000458      0x200 
                0x0000000020000a58                . = (. + _Min_Stack_Size)
 *fill*         0x0000000020000658      0x400 
                0x0000000020000a58                . = ALIGN (0x8)

/DISCARD/
 libc.a(*)
 libm.a(*)
 libgcc.a(*)

.ARM.attributes
                0x0000000000000000       0x29
 *(.ARM.attributes)
 .ARM.attributes
                0x0000000000000000       0x1d c:/st/stm32cubeide_1.7.0/stm32cubeide/plugins/com.st.stm32cube.ide.mcu.externaltools.gnu-tools-for-stm32.9-2020-q2-update.win32_2.0.0.202105311346/tools/bin/../lib/gcc/arm-none-eabi/9.3.1/thumb/v7-m/nofp/crti.o
 .ARM.attributes
                0x000000000000001d       0x2d c:/st/stm32cubeide_1.7.0/stm32cubeide/plugins/com.st.stm32cube.ide.mcu.externaltools.gnu-tools-for-stm32.9-2020-q2-update.win32_2.0.0.202105311346/tools/bin/../lib/gcc/arm-none-eabi/9.3.1/thumb/v7-m/nofp/crtbegin.o
 .ARM.attributes
                0x000000000000004a       0x2d ./Src/test_uart.o
 .ARM.attributes
                0x0000000000000077       0x21 ./Startup/startup_stm32f103c8tx.o
 .ARM.attributes
                0x0000000000000098       0x2d ./myDrivers/Src/my_gpio_stm32f103.o
 .ARM.attributes
                0x00000000000000c5       0x2d ./myDrivers/Src/my_rcc_stm32f103.o
 .ARM.attributes
                0x00000000000000f2       0x2d ./myDrivers/Src/my_uart_stm32f103.o
 .ARM.attributes
                0x000000000000011f       0x2d c:/st/stm32cubeide_1.7.0/stm32cubeide/plugins/com.st.stm32cube.ide.mcu.externaltools.gnu-tools-for-stm32.9-2020-q2-update.win32_2.0.0.202105311346/tools/bin/../lib/gcc/arm-none-eabi/9.3.1/../../../../arm-none-eabi/lib/thumb/v7-m/nofp\libc_nano.a(lib_a-init.o)
 .ARM.attributes
                0x000000000000014c       0x17 c:/st/stm32cubeide_1.7.0/stm32cubeide/plugins/com.st.stm32cube.ide.mcu.externaltools.gnu-tools-for-stm32.9-2020-q2-update.win32_2.0.0.202105311346/tools/bin/../lib/gcc/arm-none-eabi/9.3.1/../../../../arm-none-eabi/lib/thumb/v7-m/nofp\libc_nano.a(lib_a-strlen.o)
 .ARM.attributes
                0x0000000000000163       0x1d c:/st/stm32cubeide_1.7.0/stm32cubeide/plugins/com.st.stm32cube.ide.mcu.externaltools.gnu-tools-for-stm32.9-2020-q2-update.win32_2.0.0.202105311346/tools/bin/../lib/gcc/arm-none-eabi/9.3.1/thumb/v7-m/nofp\libgcc.a(_arm_addsubsf3.o)
 .ARM.attributes
                0x0000000000000180       0x1d c:/st/stm32cubeide_1.7.0/stm32cubeide/plugins/com.st.stm32cube.ide.mcu.externaltools.gnu-tools-for-stm32.9-2020-q2-update.win32_2.0.0.202105311346/tools/bin/../lib/gcc/arm-none-eabi/9.3.1/thumb/v7-m/nofp\libgcc.a(_arm_fixunssfsi.o)
 .ARM.attributes
                0x000000000000019d       0x1d c:/st/stm32cubeide_1.7.0/stm32cubeide/plugins/com.st.stm32cube.ide.mcu.externaltools.gnu-tools-for-stm32.9-2020-q2-update.win32_2.0.0.202105311346/tools/bin/../lib/gcc/arm-none-eabi/9.3.1/thumb/v7-m/nofp/crtn.o
OUTPUT(driverSTM32F103C8_2.elf elf32-littlearm)
LOAD linker stubs
LOAD c:/st/stm32cubeide_1.7.0/stm32cubeide/plugins/com.st.stm32cube.ide.mcu.externaltools.gnu-tools-for-stm32.9-2020-q2-update.win32_2.0.0.202105311346/tools/bin/../lib/gcc/arm-none-eabi/9.3.1/../../../../arm-none-eabi/lib/thumb/v7-m/nofp\libc.a
LOAD c:/st/stm32cubeide_1.7.0/stm32cubeide/plugins/com.st.stm32cube.ide.mcu.externaltools.gnu-tools-for-stm32.9-2020-q2-update.win32_2.0.0.202105311346/tools/bin/../lib/gcc/arm-none-eabi/9.3.1/../../../../arm-none-eabi/lib/thumb/v7-m/nofp\libm.a
LOAD c:/st/stm32cubeide_1.7.0/stm32cubeide/plugins/com.st.stm32cube.ide.mcu.externaltools.gnu-tools-for-stm32.9-2020-q2-update.win32_2.0.0.202105311346/tools/bin/../lib/gcc/arm-none-eabi/9.3.1/thumb/v7-m/nofp\libgcc.a

.debug_info     0x0000000000000000     0x1b73
 .debug_info    0x0000000000000000      0xc91 ./Src/test_uart.o
 .debug_info    0x0000000000000c91       0x22 ./Startup/startup_stm32f103c8tx.o
 .debug_info    0x0000000000000cb3      0x504 ./myDrivers/Src/my_gpio_stm32f103.o
 .debug_info    0x00000000000011b7      0x2aa ./myDrivers/Src/my_rcc_stm32f103.o
 .debug_info    0x0000000000001461      0x712 ./myDrivers/Src/my_uart_stm32f103.o

.debug_abbrev   0x0000000000000000      0x5c1
 .debug_abbrev  0x0000000000000000      0x1eb ./Src/test_uart.o
 .debug_abbrev  0x00000000000001eb       0x12 ./Startup/startup_stm32f103c8tx.o
 .debug_abbrev  0x00000000000001fd      0x11d ./myDrivers/Src/my_gpio_stm32f103.o
 .debug_abbrev  0x000000000000031a       0xe4 ./myDrivers/Src/my_rcc_stm32f103.o
 .debug_abbrev  0x00000000000003fe      0x1c3 ./myDrivers/Src/my_uart_stm32f103.o

.debug_aranges  0x0000000000000000      0x158
 .debug_aranges
                0x0000000000000000       0x30 ./Src/test_uart.o
 .debug_aranges
                0x0000000000000030       0x28 ./Startup/startup_stm32f103c8tx.o
 .debug_aranges
                0x0000000000000058       0x50 ./myDrivers/Src/my_gpio_stm32f103.o
 .debug_aranges
                0x00000000000000a8       0x28 ./myDrivers/Src/my_rcc_stm32f103.o
 .debug_aranges
                0x00000000000000d0       0x88 ./myDrivers/Src/my_uart_stm32f103.o

.debug_ranges   0x0000000000000000      0x110
 .debug_ranges  0x0000000000000000       0x20 ./Src/test_uart.o
 .debug_ranges  0x0000000000000020       0x20 ./Startup/startup_stm32f103c8tx.o
 .debug_ranges  0x0000000000000040       0x40 ./myDrivers/Src/my_gpio_stm32f103.o
 .debug_ranges  0x0000000000000080       0x18 ./myDrivers/Src/my_rcc_stm32f103.o
 .debug_ranges  0x0000000000000098       0x78 ./myDrivers/Src/my_uart_stm32f103.o

.debug_macro    0x0000000000000000      0xc37
 .debug_macro   0x0000000000000000      0x16b ./Src/test_uart.o
 .debug_macro   0x000000000000016b       0x8e ./Src/test_uart.o
 .debug_macro   0x00000000000001f9       0x51 ./Src/test_uart.o
 .debug_macro   0x000000000000024a      0x61c ./Src/test_uart.o
 .debug_macro   0x0000000000000866       0xca ./Src/test_uart.o
 .debug_macro   0x0000000000000930       0xf4 ./Src/test_uart.o
 .debug_macro   0x0000000000000a24       0x52 ./Src/test_uart.o
 .debug_macro   0x0000000000000a76       0x10 ./Src/test_uart.o
 .debug_macro   0x0000000000000a86       0x20 ./Src/test_uart.o
 .debug_macro   0x0000000000000aa6       0x81 ./myDrivers/Src/my_gpio_stm32f103.o
 .debug_macro   0x0000000000000b27       0x7c ./myDrivers/Src/my_rcc_stm32f103.o
 .debug_macro   0x0000000000000ba3       0x94 ./myDrivers/Src/my_uart_stm32f103.o

.debug_line     0x0000000000000000     0x1d1b
 .debug_line    0x0000000000000000      0x5cc ./Src/test_uart.o
 .debug_line    0x00000000000005cc       0x84 ./Startup/startup_stm32f103c8tx.o
 .debug_line    0x0000000000000650      0x7f7 ./myDrivers/Src/my_gpio_stm32f103.o
 .debug_line    0x0000000000000e47      0x4b9 ./myDrivers/Src/my_rcc_stm32f103.o
 .debug_line    0x0000000000001300      0xa1b ./myDrivers/Src/my_uart_stm32f103.o

.debug_str      0x0000000000000000     0x93be
 .debug_str     0x0000000000000000     0x8fb9 ./Src/test_uart.o
                                       0x922f (size before relaxing)
 .debug_str     0x0000000000008fb9       0x31 ./Startup/startup_stm32f103c8tx.o
                                         0x61 (size before relaxing)
 .debug_str     0x0000000000008fea      0x170 ./myDrivers/Src/my_gpio_stm32f103.o
                                       0x595d (size before relaxing)
 .debug_str     0x000000000000915a       0xcc ./myDrivers/Src/my_rcc_stm32f103.o
                                       0x5592 (size before relaxing)
 .debug_str     0x0000000000009226      0x198 ./myDrivers/Src/my_uart_stm32f103.o
                                       0x5e80 (size before relaxing)

.comment        0x0000000000000000       0x53
 .comment       0x0000000000000000       0x53 ./Src/test_uart.o
                                         0x54 (size before relaxing)
 .comment       0x0000000000000053       0x54 ./myDrivers/Src/my_gpio_stm32f103.o
 .comment       0x0000000000000053       0x54 ./myDrivers/Src/my_rcc_stm32f103.o
 .comment       0x0000000000000053       0x54 ./myDrivers/Src/my_uart_stm32f103.o

.debug_frame    0x0000000000000000      0x4c0
 .debug_frame   0x0000000000000000       0x6c ./Src/test_uart.o
 .debug_frame   0x000000000000006c      0x128 ./myDrivers/Src/my_gpio_stm32f103.o
 .debug_frame   0x0000000000000194       0x60 ./myDrivers/Src/my_rcc_stm32f103.o
 .debug_frame   0x00000000000001f4      0x230 ./myDrivers/Src/my_uart_stm32f103.o
 .debug_frame   0x0000000000000424       0x2c c:/st/stm32cubeide_1.7.0/stm32cubeide/plugins/com.st.stm32cube.ide.mcu.externaltools.gnu-tools-for-stm32.9-2020-q2-update.win32_2.0.0.202105311346/tools/bin/../lib/gcc/arm-none-eabi/9.3.1/../../../../arm-none-eabi/lib/thumb/v7-m/nofp\libc_nano.a(lib_a-init.o)
 .debug_frame   0x0000000000000450       0x4c c:/st/stm32cubeide_1.7.0/stm32cubeide/plugins/com.st.stm32cube.ide.mcu.externaltools.gnu-tools-for-stm32.9-2020-q2-update.win32_2.0.0.202105311346/tools/bin/../lib/gcc/arm-none-eabi/9.3.1/thumb/v7-m/nofp\libgcc.a(_arm_addsubsf3.o)
 .debug_frame   0x000000000000049c       0x24 c:/st/stm32cubeide_1.7.0/stm32cubeide/plugins/com.st.stm32cube.ide.mcu.externaltools.gnu-tools-for-stm32.9-2020-q2-update.win32_2.0.0.202105311346/tools/bin/../lib/gcc/arm-none-eabi/9.3.1/thumb/v7-m/nofp\libgcc.a(_arm_fixunssfsi.o)
